\BOOKMARK [1][-]{section.1}{\376\377\230\165\227\142\150\074\137\017\213\276\177\156}{}% 1
\BOOKMARK [1][-]{section.2}{\376\377\127\372\147\054\145\207\147\054\150\074\137\017\116\345\123\312\153\265\204\075\214\003\145\164}{}% 2
\BOOKMARK [2][-]{subsection.2.1}{\376\377\133\127\117\123\133\127\123\367}{section.2}% 3
\BOOKMARK [3][-]{subsubsection.2.1.1}{\376\377\133\127\117\123}{subsection.2.1}% 4
\BOOKMARK [3][-]{subsubsection.2.1.2}{\376\377\133\127\123\367}{subsection.2.1}% 5
\BOOKMARK [1][-]{section.3}{\376\377\153\265\204\075\214\003\145\164}{}% 6
\BOOKMARK [2][-]{subsection.3.1}{\376\377\127\372\147\054\153\265\204\075\150\074\137\017}{section.3}% 7
\BOOKMARK [2][-]{subsection.3.2}{\376\377\210\114\225\364\215\335\214\003\145\164}{section.3}% 8
\BOOKMARK [2][-]{subsection.3.3}{\376\377\201\352\122\250\177\026\123\367}{section.3}% 9
\BOOKMARK [1][-]{section.4}{\376\377\131\032\176\247\150\007\230\230\116\345\123\312\145\207\116\366\133\374\121\145}{}% 10
\BOOKMARK [2][-]{subsection.4.1}{\376\377\131\032\176\247\150\007\230\230\150\074\137\017\213\276\177\156}{section.4}% 11
\BOOKMARK [2][-]{subsection.4.2}{\376\377\145\207\116\366\133\374\121\145}{section.4}% 12
